[test]
category = "terminal"
description = "Interval renders a terminal canvas with timer source"

[output]
match = "contains"
text = "1"

[[sequence]]
description = "Canvas includes interval label"
actions = [["assert_canvas_contains", "1"]]
expect = "1"

[[sequence]]
description = "Timer source advances frames"
actions = [["tick"], ["frame"]]
expect = "1"
